[key.visualarts.gr.jp/primadoll/novel.html]
[backblue.gif]
[fade.gif]
[index.html]
[key.visualarts.gr.jp/primadoll/common/css/base.css]
[key.visualarts.gr.jp/primadoll/index.html]
[key.visualarts.gr.jp/primadoll/common/js/jquery.js]
[key.visualarts.gr.jp/primadoll/common/js/snowfall.jquery.js]
[key.visualarts.gr.jp/primadoll/common/js/jplayer/jquery.jplayer.min.js]
[key.visualarts.gr.jp/primadoll/common/js/jplayer/audio_player_66.js]
[key.visualarts.gr.jp/primadoll/common/js/pagetop.js]
[key.visualarts.gr.jp/primadoll/index-2.html]
[key.visualarts.gr.jp/primadoll/common/image/top_logo.png]
[key.visualarts.gr.jp/primadoll/common/image/novel_img_73_icon.jpg]
[key.visualarts.gr.jp/primadoll/common/image/koe_karasuba.png]
[key.visualarts.gr.jp/primadoll/novel_45.html]
[key.visualarts.gr.jp/primadoll/common/image/kinenove_read_bt.png]
[key.visualarts.gr.jp/primadoll/review.html]
[key.visualarts.gr.jp/primadoll/novel_01.html]
[key.visualarts.gr.jp/primadoll/common/image/novel_thum01.jpg]
[key.visualarts.gr.jp/primadoll/novel_02.html]
[key.visualarts.gr.jp/primadoll/common/image/novel_thum02.jpg]
[key.visualarts.gr.jp/primadoll/novel_03.html]
[key.visualarts.gr.jp/primadoll/common/image/novel_thum03.jpg]
[key.visualarts.gr.jp/primadoll/novel_04.html]
[key.visualarts.gr.jp/primadoll/common/image/novel_thum04.jpg]
[key.visualarts.gr.jp/primadoll/novel_05.html]
[key.visualarts.gr.jp/primadoll/common/image/novel_thum05.jpg]
[key.visualarts.gr.jp/primadoll/novel_06.html]
[key.visualarts.gr.jp/primadoll/common/image/novel_thum06.jpg]
[key.visualarts.gr.jp/primadoll/novel_07.html]
[key.visualarts.gr.jp/primadoll/common/image/novel_thum07.jpg]
[key.visualarts.gr.jp/primadoll/novel_08.html]
[key.visualarts.gr.jp/primadoll/common/image/novel_thum08.jpg]
[key.visualarts.gr.jp/primadoll/novel_09.html]
[key.visualarts.gr.jp/primadoll/common/image/novel_thum09.jpg]
[key.visualarts.gr.jp/primadoll/novel_10.html]
[key.visualarts.gr.jp/primadoll/common/image/novel_thum10.jpg]
[key.visualarts.gr.jp/primadoll/novel_11.html]
[key.visualarts.gr.jp/primadoll/common/image/novel_thum11.jpg]
[key.visualarts.gr.jp/primadoll/novel_12.html]
[key.visualarts.gr.jp/primadoll/common/image/novel_thum12.jpg]
[key.visualarts.gr.jp/primadoll/novel_13.html]
[key.visualarts.gr.jp/primadoll/common/image/novel_thum13.jpg]
[key.visualarts.gr.jp/primadoll/novel_14.html]
[key.visualarts.gr.jp/primadoll/common/image/novel_thum14.jpg]
[key.visualarts.gr.jp/primadoll/novel_15.html]
[key.visualarts.gr.jp/primadoll/common/image/novel_thum15.jpg]
[key.visualarts.gr.jp/primadoll/novel_16.html]
[key.visualarts.gr.jp/primadoll/common/image/novel_thum16.jpg]
[key.visualarts.gr.jp/primadoll/novel_17.html]
[key.visualarts.gr.jp/primadoll/common/image/novel_thum17.jpg]
[key.visualarts.gr.jp/primadoll/novel_18.html]
[key.visualarts.gr.jp/primadoll/common/image/novel_thum18.jpg]
[key.visualarts.gr.jp/primadoll/novel_19.html]
[key.visualarts.gr.jp/primadoll/common/image/novel_thum19.jpg]
[key.visualarts.gr.jp/primadoll/novel_20.html]
[key.visualarts.gr.jp/primadoll/common/image/novel_thum20.jpg]
[key.visualarts.gr.jp/primadoll/novel_21.html]
[key.visualarts.gr.jp/primadoll/common/image/novel_thum21.jpg]
[key.visualarts.gr.jp/primadoll/novel_22.html]
[key.visualarts.gr.jp/primadoll/common/image/novel_thum22.jpg]
[key.visualarts.gr.jp/primadoll/novel_23.html]
[key.visualarts.gr.jp/primadoll/common/image/novel_thum23.jpg]
[key.visualarts.gr.jp/primadoll/novel_24.html]
[key.visualarts.gr.jp/primadoll/common/image/novel_thum24.jpg]
[key.visualarts.gr.jp/primadoll/novel_25.html]
[key.visualarts.gr.jp/primadoll/common/image/novel_thum25.jpg]
[key.visualarts.gr.jp/primadoll/novel_26.html]
[key.visualarts.gr.jp/primadoll/common/image/novel_thum26.jpg]
[key.visualarts.gr.jp/primadoll/novel_27.html]
[key.visualarts.gr.jp/primadoll/common/image/novel_thum27.jpg]
[key.visualarts.gr.jp/primadoll/novel_28.html]
[key.visualarts.gr.jp/primadoll/common/image/novel_thum28.jpg]
[key.visualarts.gr.jp/primadoll/novel_29.html]
[key.visualarts.gr.jp/primadoll/common/image/novel_thum29.jpg]
[key.visualarts.gr.jp/primadoll/novel_30.html]
[key.visualarts.gr.jp/primadoll/common/image/novel_thum30.jpg]
[key.visualarts.gr.jp/primadoll/novel_31.html]
[key.visualarts.gr.jp/primadoll/common/image/novel_thum31.jpg]
[key.visualarts.gr.jp/primadoll/novel_32.html]
[key.visualarts.gr.jp/primadoll/common/image/novel_thum32.jpg]
[key.visualarts.gr.jp/primadoll/novel_33.html]
[key.visualarts.gr.jp/primadoll/common/image/novel_thum33.jpg]
[key.visualarts.gr.jp/primadoll/novel_34.html]
[key.visualarts.gr.jp/primadoll/common/image/novel_thum34.jpg]
[key.visualarts.gr.jp/primadoll/novel_35.html]
[key.visualarts.gr.jp/primadoll/common/image/novel_thum35.jpg]
[key.visualarts.gr.jp/primadoll/novel_36.html]
[key.visualarts.gr.jp/primadoll/common/image/novel_thum36.jpg]
[key.visualarts.gr.jp/primadoll/novel_37.html]
[key.visualarts.gr.jp/primadoll/common/image/novel_thum37.jpg]
[key.visualarts.gr.jp/primadoll/novel_38.html]
[key.visualarts.gr.jp/primadoll/common/image/novel_thum38.jpg]
[key.visualarts.gr.jp/primadoll/novel_39.html]
[key.visualarts.gr.jp/primadoll/common/image/novel_thum39.jpg]
[key.visualarts.gr.jp/primadoll/novel_40.html]
[key.visualarts.gr.jp/primadoll/common/image/novel_thum40.jpg]
[key.visualarts.gr.jp/primadoll/novel_41.html]
[key.visualarts.gr.jp/primadoll/common/image/novel_thum41.jpg]
[key.visualarts.gr.jp/primadoll/novel_42.html]
[key.visualarts.gr.jp/primadoll/common/image/novel_thum42.jpg]
[key.visualarts.gr.jp/primadoll/novel_43.html]
[key.visualarts.gr.jp/primadoll/common/image/novel_thum43.jpg]
[key.visualarts.gr.jp/primadoll/novel_44.html]
[key.visualarts.gr.jp/primadoll/common/image/novel_thum44.jpg]
[key.visualarts.gr.jp/primadoll/common/image/novel_thum45.jpg]
[key.visualarts.gr.jp/primadoll/novel.html]
[key.visualarts.gr.jp/primadoll/common/js/main.js]
[key.visualarts.gr.jp/primadoll/common/image/contents_bg.jpg]
[key.visualarts.gr.jp/primadoll/common/image/top_image_01.jpg]
[key.visualarts.gr.jp/primadoll/common/css/none]
[key.visualarts.gr.jp/primadoll/common/css/base.css]
[key.visualarts.gr.jp/primadoll/common/css/layerBoard.css]
[key.visualarts.gr.jp/primadoll/common/js/jplayer/audio_player_top.js]
[key.visualarts.gr.jp/primadoll/common/js/jquery.cookie.js]
[key.visualarts.gr.jp/primadoll/common/js/jquery-modalLayerBoard.js]
[key.visualarts.gr.jp/primadoll/common/image/top_load_logo.png]
[key.visualarts.gr.jp/primadoll/common/image/vocal_text_1.png]
[key.visualarts.gr.jp/primadoll/common/image/vocal_text_2.png]
[key.visualarts.gr.jp/primadoll/common/image/vocal_text_2_a.png]
[key.visualarts.gr.jp/primadoll/common/image/vocal_text_3.png]
[key.visualarts.gr.jp/primadoll/common/image/vocal_text_3_a.png]
[key.visualarts.gr.jp/primadoll/common/image/vocal_bt_1.png]
[key.visualarts.gr.jp/primadoll/common/image/vocal_bt_1_a.png]
[key.visualarts.gr.jp/primadoll/common/image/vocal_bt_2.png]
[key.visualarts.gr.jp/primadoll/common/image/vocal_bt_2_a.png]
[key.visualarts.gr.jp/primadoll/common/image/top_image_01_sp.jpg]
[key.visualarts.gr.jp/primadoll/common/image/top_white_bg_sp.png]
[key.visualarts.gr.jp/primadoll/common/image/top_link_bt.jpg]
[key.visualarts.gr.jp/primadoll/campaign_20201215.html]
[key.visualarts.gr.jp/primadoll/campaign_20201201.html]
[platform.twitter.com/widgets.js]
[key.visualarts.gr.jp/primadoll/common/image/top_white_bg.png]
[key.visualarts.gr.jp/primadoll/common/image/about_title.png]
[key.visualarts.gr.jp/primadoll/common/image/about_text.png]
[key.visualarts.gr.jp/primadoll/common/image/story_title.png]
[key.visualarts.gr.jp/primadoll/common/image/story_text.png]
[key.visualarts.gr.jp/primadoll/common/image/character_title.png]
[key.visualarts.gr.jp/primadoll/common/image/character_img01.png]
[key.visualarts.gr.jp/primadoll/common/image/character_text01.png]
[key.visualarts.gr.jp/primadoll/common/image/character_img02.png]
[key.visualarts.gr.jp/primadoll/common/image/character_text02.png]
[key.visualarts.gr.jp/primadoll/common/image/character_img03.png]
[key.visualarts.gr.jp/primadoll/common/image/character_text03.png]
[key.visualarts.gr.jp/primadoll/common/image/character_img04.png]
[key.visualarts.gr.jp/primadoll/common/image/character_text04.png]
[key.visualarts.gr.jp/primadoll/common/image/character_img05.png]
[key.visualarts.gr.jp/primadoll/common/image/character_text05.png]
[key.visualarts.gr.jp/primadoll/common/image/history_img_top.png]
[key.visualarts.gr.jp/primadoll/common/image/character_history_icon.png]
[key.visualarts.gr.jp/primadoll/common/image/history_border_icon.png]
[key.visualarts.gr.jp/primadoll/common/image/kinetic_title.png]
[key.visualarts.gr.jp/primadoll/common/image/kinenove_frame_06.png]
[key.visualarts.gr.jp/primadoll/common/image/kinenove_read2_bt.png]
[key.visualarts.gr.jp/primadoll/common/image/kinenove_frame_bottom.png]
[key.visualarts.gr.jp/primadoll/common/image/project_title.png]
[key.visualarts.gr.jp/primadoll/common/image/kinenove_frame_song.png]
[key.visualarts.gr.jp/primadoll/common/image/gold_line.png]
[key.visualarts.gr.jp/primadoll/common/image/prima_lyrics01_th.jpg]
[key.visualarts.gr.jp/primadoll/common/image/kinenove_frame_figure.png]
[key.visualarts.gr.jp/primadoll/common/image/pf_haizakura201224_1.jpg]
[key.visualarts.gr.jp/primadoll/common/image/product__img_201224_1.jpg]
[key.visualarts.gr.jp/primadoll/common/image/pf_haizakura201224_2.jpg]
[key.visualarts.gr.jp/primadoll/common/image/product__img_201224_2.jpg]
[key.visualarts.gr.jp/primadoll/common/image/pf_haizakura201224_3.jpg]
[key.visualarts.gr.jp/primadoll/common/image/product__img_201224_3.jpg]
[key.visualarts.gr.jp/primadoll/common/image/pf_haizakura201224_4.jpg]
[key.visualarts.gr.jp/primadoll/common/image/product__img_201224_4.jpg]
[key.visualarts.gr.jp/primadoll/common/image/kinenove_frame_magazine.png]
[key.visualarts.gr.jp/primadoll/common/image/product__img_210930.jpg]
[key.visualarts.gr.jp/primadoll/common/image/product__img_210930_2.jpg]
[key.visualarts.gr.jp/primadoll/common/image/footer_top_img.png]
[key.visualarts.gr.jp/primadoll/common/image/pagetop_icon.png]
[key.visualarts.gr.jp/primadoll/index.html]
[key.visualarts.gr.jp/primadoll/index-2.html]
[key.visualarts.gr.jp/primadoll/common/image/novel_top.png]
[key.visualarts.gr.jp/primadoll/common/image/novel_img_73.png]
[key.visualarts.gr.jp/primadoll/novel_45.html]
[key.visualarts.gr.jp/primadoll/review.html]
[key.visualarts.gr.jp/primadoll/common/js/jplayer/audio_player_01.js]
[key.visualarts.gr.jp/primadoll/common/image/novel_img_01.png]
[key.visualarts.gr.jp/primadoll/common/image/koe_haizakura.png]
[key.visualarts.gr.jp/primadoll/common/image/novel_img_02.png]
[key.visualarts.gr.jp/primadoll/novel_01.html]
[key.visualarts.gr.jp/primadoll/common/js/jplayer/audio_player_02.js]
[key.visualarts.gr.jp/primadoll/common/image/novel_img_02_1.png]
[key.visualarts.gr.jp/primadoll/novel_02.html]
[key.visualarts.gr.jp/primadoll/common/js/jplayer/audio_player_03.js]
[key.visualarts.gr.jp/primadoll/common/image/novel_img_04_1.png]
[key.visualarts.gr.jp/primadoll/novel_03.html]
[key.visualarts.gr.jp/primadoll/common/js/jplayer/audio_player_04.js]
[key.visualarts.gr.jp/primadoll/common/image/novel_img_05_1.png]
[key.visualarts.gr.jp/primadoll/novel_04.html]
[key.visualarts.gr.jp/primadoll/common/js/jplayer/audio_player_05.js]
[key.visualarts.gr.jp/primadoll/common/image/novel_img_05.png]
[key.visualarts.gr.jp/primadoll/novel_05.html]
[key.visualarts.gr.jp/primadoll/common/js/jplayer/audio_player_06.js]
[key.visualarts.gr.jp/primadoll/common/image/novel_img_06.png]
[key.visualarts.gr.jp/primadoll/common/image/koe_gekka.png]
[key.visualarts.gr.jp/primadoll/novel_06.html]
[key.visualarts.gr.jp/primadoll/common/js/jplayer/audio_player_07.js]
[key.visualarts.gr.jp/primadoll/common/image/novel_img_07.png]
[key.visualarts.gr.jp/primadoll/novel_07.html]
[key.visualarts.gr.jp/primadoll/common/js/jplayer/audio_player_08.js]
[key.visualarts.gr.jp/primadoll/common/image/novel_img_08.png]
[key.visualarts.gr.jp/primadoll/novel_08.html]
[key.visualarts.gr.jp/primadoll/common/js/jplayer/audio_player_09.js]
[key.visualarts.gr.jp/primadoll/common/image/novel_img_09.png]
[key.visualarts.gr.jp/primadoll/novel_09.html]
[key.visualarts.gr.jp/primadoll/common/js/jplayer/audio_player_10.js]
[key.visualarts.gr.jp/primadoll/common/image/novel_img_10.png]
[key.visualarts.gr.jp/primadoll/novel_10.html]
[key.visualarts.gr.jp/primadoll/common/js/jplayer/audio_player_11.js]
[key.visualarts.gr.jp/primadoll/common/image/novel_img_12.png]
[key.visualarts.gr.jp/primadoll/novel_11.html]
[key.visualarts.gr.jp/primadoll/common/js/jplayer/audio_player_12.js]
[key.visualarts.gr.jp/primadoll/common/image/novel_img_13.png]
[key.visualarts.gr.jp/primadoll/common/image/novel_img_14.png]
[key.visualarts.gr.jp/primadoll/common/image/koe_houkiboshi.png]
[key.visualarts.gr.jp/primadoll/novel_12.html]
[key.visualarts.gr.jp/primadoll/common/image/novel_img_15.png]
[key.visualarts.gr.jp/primadoll/novel_13.html]
[key.visualarts.gr.jp/primadoll/common/js/jplayer/audio_player_14.js]
[key.visualarts.gr.jp/primadoll/common/image/novel_img_16.png]
[key.visualarts.gr.jp/primadoll/novel_14.html]
[key.visualarts.gr.jp/primadoll/common/js/jplayer/audio_player_15.js]
[key.visualarts.gr.jp/primadoll/common/image/novel_img_17.png]
[key.visualarts.gr.jp/primadoll/novel_15.html]
[key.visualarts.gr.jp/primadoll/common/js/jplayer/audio_player_16.js]
[key.visualarts.gr.jp/primadoll/common/image/novel_img_18.png]
[key.visualarts.gr.jp/primadoll/common/image/TT566_tokuten_banner.jpg]
[key.visualarts.gr.jp/primadoll/common/image/prima_figure_haizakura_dx_main_image.jpg]
[key.visualarts.gr.jp/primadoll/novel_16.html]
[key.visualarts.gr.jp/primadoll/common/js/jplayer/audio_player_17.js]
[key.visualarts.gr.jp/primadoll/common/image/novel_img_19.png]
[key.visualarts.gr.jp/primadoll/novel_17.html]
[key.visualarts.gr.jp/primadoll/common/js/jplayer/audio_player_18.js]
[key.visualarts.gr.jp/primadoll/common/image/novel_img_20.png]
[key.visualarts.gr.jp/primadoll/novel_18.html]
[key.visualarts.gr.jp/primadoll/common/js/jplayer/audio_player_19.js]
[key.visualarts.gr.jp/primadoll/common/image/novel_img_21.png]
[key.visualarts.gr.jp/primadoll/novel_19.html]
[key.visualarts.gr.jp/primadoll/novel_20.html]
[key.visualarts.gr.jp/primadoll/common/js/jplayer/audio_player_20.js]
[key.visualarts.gr.jp/primadoll/common/js/jplayer/audio_player_21.js]
[key.visualarts.gr.jp/primadoll/common/image/novel_img_23.png]
[key.visualarts.gr.jp/primadoll/novel_21.html]
[key.visualarts.gr.jp/primadoll/common/js/jplayer/audio_player_22.js]
[key.visualarts.gr.jp/primadoll/common/image/novel_img_24.png]
[key.visualarts.gr.jp/primadoll/novel_22.html]
[key.visualarts.gr.jp/primadoll/common/js/jplayer/audio_player_23.js]
[key.visualarts.gr.jp/primadoll/common/image/novel_img_25.png]
[key.visualarts.gr.jp/primadoll/novel_23.html]
[key.visualarts.gr.jp/primadoll/common/js/jplayer/audio_player_24.js]
[key.visualarts.gr.jp/primadoll/common/image/novel_img_26.png]
[key.visualarts.gr.jp/primadoll/novel_24.html]
[key.visualarts.gr.jp/primadoll/common/js/jplayer/audio_player_25.js]
[key.visualarts.gr.jp/primadoll/common/image/novel_img_27.png]
[key.visualarts.gr.jp/primadoll/novel_25.html]
[key.visualarts.gr.jp/primadoll/common/js/jplayer/audio_player_41.js]
[key.visualarts.gr.jp/primadoll/common/image/novel_img_41.png]
[key.visualarts.gr.jp/primadoll/novel_26.html]
[key.visualarts.gr.jp/primadoll/common/js/jplayer/audio_player_42.js]
[key.visualarts.gr.jp/primadoll/common/image/novel_img_42.png]
[key.visualarts.gr.jp/primadoll/novel_27.html]
[key.visualarts.gr.jp/primadoll/common/js/jplayer/audio_player_43.js]
[key.visualarts.gr.jp/primadoll/common/image/novel_img_43.png]
[key.visualarts.gr.jp/primadoll/novel_28.html]
[key.visualarts.gr.jp/primadoll/common/js/jplayer/audio_player_44.js]
[key.visualarts.gr.jp/primadoll/common/image/novel_img_44.png]
[key.visualarts.gr.jp/primadoll/novel_29.html]
[key.visualarts.gr.jp/primadoll/common/js/jplayer/audio_player_45.js]
[key.visualarts.gr.jp/primadoll/common/image/koe_retzel.png]
[key.visualarts.gr.jp/primadoll/common/image/novel_img_45.png]
[key.visualarts.gr.jp/primadoll/novel_30.html]
[key.visualarts.gr.jp/primadoll/common/js/jplayer/audio_player_52.js]
[key.visualarts.gr.jp/primadoll/common/image/novel_img_52.png]
[key.visualarts.gr.jp/primadoll/novel_31.html]
[key.visualarts.gr.jp/primadoll/common/js/jplayer/audio_player_53.js]
[key.visualarts.gr.jp/primadoll/common/image/novel_img_53.png]
[key.visualarts.gr.jp/primadoll/novel_32.html]
[key.visualarts.gr.jp/primadoll/common/js/jplayer/audio_player_54.js]
[key.visualarts.gr.jp/primadoll/common/image/novel_img_54.png]
[key.visualarts.gr.jp/primadoll/novel_33.html]
[key.visualarts.gr.jp/primadoll/common/js/jplayer/audio_player_55.js]
[key.visualarts.gr.jp/primadoll/common/image/novel_img_61.png]
[key.visualarts.gr.jp/primadoll/common/image/novel_img_62.png]
[key.visualarts.gr.jp/primadoll/novel_34.html]
[key.visualarts.gr.jp/primadoll/common/js/jplayer/audio_player_56.js]
[key.visualarts.gr.jp/primadoll/common/image/novel_img_63.png]
[key.visualarts.gr.jp/primadoll/novel_35.html]
[key.visualarts.gr.jp/primadoll/common/js/jplayer/audio_player_57.js]
[key.visualarts.gr.jp/primadoll/common/image/novel_img_64.png]
[key.visualarts.gr.jp/primadoll/novel_36.html]
[key.visualarts.gr.jp/primadoll/common/js/jplayer/audio_player_58.js]
[key.visualarts.gr.jp/primadoll/common/image/novel_img_65.png]
[key.visualarts.gr.jp/primadoll/novel_37.html]
[key.visualarts.gr.jp/primadoll/common/js/jplayer/audio_player_59.js]
[key.visualarts.gr.jp/primadoll/common/image/novel_img_66.png]
[key.visualarts.gr.jp/primadoll/novel_38.html]
[key.visualarts.gr.jp/primadoll/common/js/jplayer/audio_player_60.js]
[key.visualarts.gr.jp/primadoll/common/image/novel_img_67.png]
[key.visualarts.gr.jp/primadoll/novel_39.html]
[key.visualarts.gr.jp/primadoll/common/js/jplayer/audio_player_61.js]
[key.visualarts.gr.jp/primadoll/common/image/novel_img_68.png]
[key.visualarts.gr.jp/primadoll/novel_40.html]
[key.visualarts.gr.jp/primadoll/common/js/jplayer/audio_player_62.js]
[key.visualarts.gr.jp/primadoll/common/image/novel_img_69.png]
[key.visualarts.gr.jp/primadoll/novel_41.html]
[key.visualarts.gr.jp/primadoll/common/js/jplayer/audio_player_63.js]
[key.visualarts.gr.jp/primadoll/common/image/novel_img_70.png]
[key.visualarts.gr.jp/primadoll/novel_42.html]
[key.visualarts.gr.jp/primadoll/common/js/jplayer/audio_player_64.js]
[key.visualarts.gr.jp/primadoll/common/image/novel_img_71.png]
[key.visualarts.gr.jp/primadoll/novel_43.html]
[key.visualarts.gr.jp/primadoll/common/js/jplayer/audio_player_65.js]
[key.visualarts.gr.jp/primadoll/common/image/novel_img_72.png]
[key.visualarts.gr.jp/primadoll/novel_44.html]
[key.visualarts.gr.jp/primadoll/common/css/none.html]
[key.visualarts.gr.jp/primadoll/common/css/layerBoard.css]
[key.visualarts.gr.jp/primadoll/campaign_20201215.html]
[key.visualarts.gr.jp/primadoll/common/image/campaign201201_img01.jpg]
[key.visualarts.gr.jp/primadoll/common/image/prima_lyrics01.png]
[key.visualarts.gr.jp/primadoll/common/image/campaign201201_img03.jpg]
[key.visualarts.gr.jp/primadoll/campaign_20201201.html]
[key.visualarts.gr.jp/primadoll/common/css/btn_close.html]
[key.visualarts.gr.jp/primadoll/common/image/novel_img_22.png]
[key.visualarts.gr.jp/primadoll/common/image/campaign201201_img02.jpg]
[key.visualarts.gr.jp/primadoll/common/image/novel_img_11.png]
